#-----------------------------------------------------------
# Vivado v2023.2.2 (64-bit)
# SW Build 4126759 on Thu Feb  8 23:53:51 MST 2024
# IP Build 4126054 on Fri Feb  9 11:39:09 MST 2024
# SharedData Build 4115275 on Tue Jan 30 00:40:57 MST 2024
# Start of session at: Mon Jun 24 12:41:30 2024
# Process ID: 6952
# Current directory: C:/Users/Kashif/Desktop/HE PROJEKT/FINAL_PS/PARKING_SYSTEM.runs/synth_1
# Command line: vivado.exe -log IR_Sensor_to_Seven_Segment.vds -product Vivado -mode batch -messageDb vivado.pb -notrace -source IR_Sensor_to_Seven_Segment.tcl
# Log file: C:/Users/Kashif/Desktop/HE PROJEKT/FINAL_PS/PARKING_SYSTEM.runs/synth_1/IR_Sensor_to_Seven_Segment.vds
# Journal file: C:/Users/Kashif/Desktop/HE PROJEKT/FINAL_PS/PARKING_SYSTEM.runs/synth_1\vivado.jou
# Running On: DESKTOP-4ADHA59, OS: Windows, CPU Frequency: 2712 MHz, CPU Physical cores: 2, Host memory: 8376 MB
#-----------------------------------------------------------
source IR_Sensor_to_Seven_Segment.tcl -notrace
